../Core/Src/main.c:76:5:main	120	static
../Core/Src/main.c:143:6:SystemClock_Config	88	static
../Core/Src/main.c:191:13:MX_USART2_UART_Init	8	static
../Core/Src/main.c:224:13:MX_GPIO_Init	48	static
../Core/Src/main.c:246:6:Error_Handler	4	static,ignoring_inline_asm
../Core/Src/main.c:274:6:Set_Pin_Output	40	static
../Core/Src/main.c:286:6:Set_Pin_Input	40	static
../Core/Src/main.c:297:6:delay	24	static
../Core/Src/main.c:308:9:DS18B20_Start	16	static
../Core/Src/main.c:328:6:DS18B20_Write	24	static
../Core/Src/main.c:355:9:DS18B20_Read	16	static
