../Application/User/LoRaWAN/App/BME280_STM32.c:59:6:TrimRead	64	static
../Application/User/LoRaWAN/App/BME280_STM32.c:108:5:BME280_Config	48	static
../Application/User/LoRaWAN/App/BME280_STM32.c:51:6:BME_280_Init	16	static
../Application/User/LoRaWAN/App/BME280_STM32.c:173:5:BMEReadRaw	32	static
../Application/User/LoRaWAN/App/BME280_STM32.c:202:6:BME280_WakeUP	48	static
../Application/User/LoRaWAN/App/BME280_STM32.c:224:9:BME280_compensate_T_int32	0	static
../Application/User/LoRaWAN/App/BME280_STM32.c:239:10:BME280_compensate_P_int64	24	static
../Application/User/LoRaWAN/App/BME280_STM32.c:295:10:bme280_compensate_H_int32	0	static
../Application/User/LoRaWAN/App/BME280_STM32.c:316:5:BME280_Measure	8	static
