../Drivers/STM32WLxx_HAL_Driver/Inc/stm32wlxx_ll_bus.h:449:22:LL_AHB2_GRP1_EnableClock	24	static
../Core/Src/main.c:75:5:main	120	static
../Core/Src/main.c:144:6:SystemClock_Config	112	static
../Core/Src/main.c:192:13:MX_USART1_UART_Init	8	static
../Core/Src/main.c:240:13:MX_GPIO_Init	32	static
../Core/Src/main.c:265:6:Set_Pin_Output	40	static
../Core/Src/main.c:277:6:Set_Pin_Input	40	static
../Core/Src/main.c:288:6:delay	24	static
../Core/Src/main.c:299:9:DS18B20_Start	16	static
../Core/Src/main.c:319:6:DS18B20_Write	24	static
../Core/Src/main.c:346:9:DS18B20_Read	16	static
../Core/Src/main.c:371:6:Error_Handler	4	static,ignoring_inline_asm
