C:/Users/prath/STM32CubeIDE/workspace_1.13.0/LoRaWan-E5-Node-main/Projects/Applications/LoRaWAN/LoRaWAN_End_Node/Core/Src/main.c:122:13:MX_GPIO_Init	1
C:/Users/prath/STM32CubeIDE/workspace_1.13.0/LoRaWan-E5-Node-main/Projects/Applications/LoRaWAN/LoRaWAN_End_Node/Core/Src/main.c:234:6:Error_Handler	1
C:/Users/prath/STM32CubeIDE/workspace_1.13.0/LoRaWan-E5-Node-main/Projects/Applications/LoRaWAN/LoRaWAN_End_Node/Core/Src/main.c:190:13:MX_I2C3_Init	1
C:/Users/prath/STM32CubeIDE/workspace_1.13.0/LoRaWan-E5-Node-main/Projects/Applications/LoRaWAN/LoRaWAN_End_Node/Core/Src/main.c:148:6:SystemClock_Config	1
C:/Users/prath/STM32CubeIDE/workspace_1.13.0/LoRaWan-E5-Node-main/Projects/Applications/LoRaWAN/LoRaWAN_End_Node/Core/Src/main.c:79:5:main	1
