C:/Users/prath/STM32CubeIDE/workspace_1.13.0/LoRaWan-E5-Node-main/Middlewares/Third_Party/LoRaWAN/Crypto/cmac.c:59:6:AES_CMAC_Init	8	static
C:/Users/prath/STM32CubeIDE/workspace_1.13.0/LoRaWan-E5-Node-main/Middlewares/Third_Party/LoRaWAN/Crypto/cmac.c:66:6:AES_CMAC_SetKey	8	static
C:/Users/prath/STM32CubeIDE/workspace_1.13.0/LoRaWan-E5-Node-main/Middlewares/Third_Party/LoRaWAN/Crypto/cmac.c:71:6:AES_CMAC_Update	40	static
C:/Users/prath/STM32CubeIDE/workspace_1.13.0/LoRaWan-E5-Node-main/Middlewares/Third_Party/LoRaWAN/Crypto/cmac.c:109:6:AES_CMAC_Final	48	static
